[2J[35mкФФФФФФФФФФФФФФФФФФФФФФФФФФФФФФФФФФФФФФФФФФФФФФФФФФФФФФФФФФФФФФФФФФФФФФФФФФФФФФПГ [34mлллллллллллллллллллллллллллллллллллллллллллллллллллллллллллллллллллллллллллл [35mГУФФФФФФФФФФФФФФФФФФФФФФФФФФФФФФФФФФФФФФФФФФФФФФФФФФФФФФФФФФФФФФФФФФФФФФФФФФФФФФДГ[78CГГ[78CГГ[78CГГ[78CГГ[78CГГ[78CГГ[78CГУФФФФФФФФФФФФФФФФФФФФФФФФФФТФФФФФФФФФФФФФФФФФФФФФФФФФФФФФФТФФФФФФФФФФФФФФФФФФФФДГ[37m [34mлллллллллллллллллллллллл[37m [35mГ [34mлллллллллллллллллллллллллллл[37m [35mГ [19CГГ [33mФФФФФФФФФФФФФФФФФФФФФФФФ[35m Г[30CГ [19CГГ[26CГ [29CГ [19CГГ[37m [33mФФФФФФФФФФФФФФФФФФФФФФФФ [35mГ [29CГ [19CГГ[26CГ [29CГ [19CГГ[26CГ [29CГ [19CГГ[26CГ [29CГ [19CГГ[26CГ [29CГ [19CГРФФФФФФФФФФФФФФФФФФФФФФФФФФСФФФФФФФФФФФФФФФФФФФФФФФФФФФФФФСФФФФФФФФФФФФФФФФФФФФй[42CSolar Weather by DC6AP / data by NONBH [37m  [0m
